Change Physical Footprint: Designator=B701 Old Footprint=PCA9306JKZ New Footprint=PCA9306JKZ
Change Physical Footprint: Designator=C001 Old Footprint=FP-CC0201-BA-MFG New Footprint=FP-CC0201-BA-MFG
Change Physical Footprint: Designator=C002 Old Footprint=FP-CL10-IPC_C New Footprint=FP-CL10-IPC_C
Change Physical Footprint: Designator=C003 Old Footprint=FP-CL10-IPC_C New Footprint=FP-CL10-IPC_C
Change Physical Footprint: Designator=C101 Old Footprint=FP-CL10-IPC_C New Footprint=FP-CL10-IPC_C
Change Physical Footprint: Designator=C102 Old Footprint=FP-GRM188-0_2-MFG New Footprint=FP-GRM188-0_2-MFG
Change Physical Footprint: Designator=C103 Old Footprint=FP-CC0201-BA-MFG New Footprint=FP-CC0201-BA-MFG
Change Physical Footprint: Designator=C104 Old Footprint=FP-GRM188-0_2-MFG New Footprint=FP-GRM188-0_2-MFG
Change Physical Footprint: Designator=C105 Old Footprint=FP-GRM188-0_2-MFG New Footprint=FP-GRM188-0_2-MFG
Change Physical Footprint: Designator=C106 Old Footprint=FP-GRM188-0_2-MFG New Footprint=FP-GRM188-0_2-MFG
Change Physical Footprint: Designator=C107 Old Footprint=FP-CL10-IPC_C New Footprint=FP-CL10-IPC_C
Change Physical Footprint: Designator=C108 Old Footprint=FP-GRM188-0_2-MFG New Footprint=FP-GRM188-0_2-MFG
Change Physical Footprint: Designator=C109 Old Footprint=FP-GRM188-0_2-MFG New Footprint=FP-GRM188-0_2-MFG
Change Physical Footprint: Designator=C110 Old Footprint=FP-GRM188-0_2-MFG New Footprint=FP-GRM188-0_2-MFG
Change Physical Footprint: Designator=C111 Old Footprint=FP-GRM188-0_2-MFG New Footprint=FP-GRM188-0_2-MFG
Change Physical Footprint: Designator=C112 Old Footprint=FP-GRM188-0_2-MFG New Footprint=FP-GRM188-0_2-MFG
Change Physical Footprint: Designator=C113 Old Footprint=FP-GRM188-0_2-MFG New Footprint=FP-GRM188-0_2-MFG
Change Physical Footprint: Designator=C201 Old Footprint=CAPC0603X03L_C New Footprint=CAPC0603X03L_C
Change Physical Footprint: Designator=C202 Old Footprint=CAPC1005X04L New Footprint=CAPC1005X04L
Change Physical Footprint: Designator=C203 Old Footprint=CAPC1005X04L New Footprint=CAPC1005X04L
Change Physical Footprint: Designator=C204 Old Footprint=CAPC0603X03L_C New Footprint=CAPC0603X03L_C
Change Physical Footprint: Designator=C205 Old Footprint=CAPC1005X04L New Footprint=CAPC1005X04L
Change Physical Footprint: Designator=C206 Old Footprint=CAPC0603X03L_C New Footprint=CAPC0603X03L_C
Change Physical Footprint: Designator=C207 Old Footprint=CAPC1005X04L New Footprint=CAPC1005X04L
Change Physical Footprint: Designator=C208 Old Footprint=CAPC0603X03L_C New Footprint=CAPC0603X03L_C
Change Physical Footprint: Designator=C209 Old Footprint=CAPC0603X03L_C New Footprint=CAPC0603X03L_C
Change Physical Footprint: Designator=C210 Old Footprint=CAPC0603X03L_C New Footprint=CAPC0603X03L_C
Change Physical Footprint: Designator=C211 Old Footprint=CAPC0603X03L_C New Footprint=CAPC0603X03L_C
Change Physical Footprint: Designator=C212 Old Footprint=CAPC0603X03L_C New Footprint=CAPC0603X03L_C
Change Physical Footprint: Designator=C213 Old Footprint=CAPC0603X03L_C New Footprint=CAPC0603X03L_C
Change Physical Footprint: Designator=C214 Old Footprint=CAPC0603X03L_C New Footprint=CAPC0603X03L_C
Change Physical Footprint: Designator=C215 Old Footprint=CAPC0603X03L_C New Footprint=CAPC0603X03L_C
Change Physical Footprint: Designator=C216 Old Footprint=CAPC1005X04L New Footprint=CAPC1005X04L
Change Physical Footprint: Designator=C217 Old Footprint=CAPC1608X06L New Footprint=CAPC1608X06L
Change Physical Footprint: Designator=C218 Old Footprint=CAPC1608X06L New Footprint=CAPC1608X06L
Change Physical Footprint: Designator=C219 Old Footprint=CAPC1608X06L New Footprint=CAPC1608X06L
Change Physical Footprint: Designator=C221 Old Footprint=CAPC0603X03L_C_NC New Footprint=CAPC0603X03L_C_NC
Change Physical Footprint: Designator=C401 Old Footprint=CAPC1608X06L New Footprint=CAPC1608X06L
Change Physical Footprint: Designator=C402 Old Footprint=CAPC0603X03L_C New Footprint=CAPC0603X03L_C
Change Physical Footprint: Designator=C403 Old Footprint=FP-GRM188-0_2-MFG New Footprint=FP-GRM188-0_2-MFG
Change Physical Footprint: Designator=C404 Old Footprint=CAPC0603X03L_C New Footprint=CAPC0603X03L_C
Change Physical Footprint: Designator=C501 Old Footprint=CAPC0603X03L_C New Footprint=CAPC0603X03L_C
Change Physical Footprint: Designator=C502 Old Footprint=CAPC0603X03L_C New Footprint=CAPC0603X03L_C
Change Physical Footprint: Designator=C601 Old Footprint=FP-GRM188-0_2-MFG New Footprint=FP-GRM188-0_2-MFG
Change Physical Footprint: Designator=C602 Old Footprint=CAPC0603X03L_C New Footprint=CAPC0603X03L_C
Change Physical Footprint: Designator=C603 Old Footprint=CAPC0603X03L_C New Footprint=CAPC0603X03L_C
Change Physical Footprint: Designator=C604 Old Footprint=CAPC0603X03L_C New Footprint=CAPC0603X03L_C
Change Physical Footprint: Designator=C701 Old Footprint=CAPC0603X03L_C New Footprint=CAPC0603X03L_C
Change Physical Footprint: Designator=D001 Old Footprint=SOT23-6L_STM New Footprint=SOT23-6L_STM
Change Physical Footprint: Designator=IMU501 Old Footprint=BMI270_BOS New Footprint=BMI270_BOS
Change Physical Footprint: Designator=J001 Old Footprint=USB4105_GCT New Footprint=USB4105_GCT
Change Physical Footprint: Designator=J101 Old Footprint=JST-B2B-PH-K-S_V New Footprint=JST-B2B-PH-K-S_V
Change Physical Footprint: Designator=L101 Old Footprint=FP-MLP2016M-IPC_B New Footprint=FP-MLP2016M-IPC_B
Change Physical Footprint: Designator=L102 Old Footprint=FP-MLP2016M-IPC_B New Footprint=FP-MLP2016M-IPC_B
Change Physical Footprint: Designator=L201 Old Footprint=INDC0603X03L_C New Footprint=INDC0603X03L_C
Change Physical Footprint: Designator=L202 Old Footprint=INDC1608X06L New Footprint=INDC1608X06L
Change Physical Footprint: Designator=L203 Old Footprint=INDC1608X06L New Footprint=INDC1608X06L
Change Physical Footprint: Designator=MD601 Old Footprint=FP-SAM-M10Q-00B-MFG New Footprint=FP-SAM-M10Q-00B-MFG
Change Physical Footprint: Designator=PPG401 Old Footprint=21-1048_F143A5+1_MXM New Footprint=21-1048_F143A5+1_MXM
Change Physical Footprint: Designator=R101 Old Footprint=RESC0603X03L_C New Footprint=RESC0603X03L_C
Change Physical Footprint: Designator=R102 Old Footprint=RESC0603X03L_C New Footprint=RESC0603X03L_C
Change Physical Footprint: Designator=R103 Old Footprint=RESC0603X03L_C New Footprint=RESC0603X03L_C
Change Physical Footprint: Designator=R104 Old Footprint=RESC0603X03L_C New Footprint=RESC0603X03L_C
Change Physical Footprint: Designator=R201 Old Footprint=RESC0603X03L_C New Footprint=RESC0603X03L_C
Change Physical Footprint: Designator=R401 Old Footprint=RESC0603X03L_C New Footprint=RESC0603X03L_C
Change Physical Footprint: Designator=R601 Old Footprint=RESC0603X03L_C New Footprint=RESC0603X03L_C
Change Physical Footprint: Designator=R602 Old Footprint=RESC0603X03L_C New Footprint=RESC0603X03L_C
Change Physical Footprint: Designator=R701 Old Footprint=RESC0603X03L_C New Footprint=RESC0603X03L_C
Change Physical Footprint: Designator=U101 Old Footprint=QFN32_5X5_NOR New Footprint=QFN32_5X5_NOR
Change Physical Footprint: Designator=U201 Old Footprint=AQFN40P700X700X85_HS-99N New Footprint=AQFN40P700X700X85_HS-99N
Change Physical Footprint: Designator=X201 Old Footprint=BT-XTAL_2016 New Footprint=BT-XTAL_2016
Change Physical Footprint: Designator=X202 Old Footprint=XTAL_2012 New Footprint=XTAL_2012
